src/App.tsx(115,14): error TS2786: 'ErrorBoundary' cannot be used as a JSX component.
  Its type 'typeof ErrorBoundary' is not a valid JSX element type.
    Type 'typeof ErrorBoundary' is not assignable to type 'new (props: any, deprecatedLegacyContext?: any) => Component<any, any, any>'.
      Type 'ErrorBoundary' is missing the following properties from type 'Component<any, any, any>': context, setState, forceUpdate, props, refs
src/components/AppraisalBadge.tsx(1,8): error TS1259: Module '"C:/Users/vilba/.antigravity/pwri-plantmonitoring-main/pwri-plantmonitoring/frontend/node_modules/@types/react/index"' can only be default-imported using the 'allowSyntheticDefaultImports' flag
src/components/dashboard/CostSunburst.tsx(5,8): error TS1259: Module '"C:/Users/vilba/.antigravity/pwri-plantmonitoring-main/pwri-plantmonitoring/frontend/node_modules/@types/react/index"' can only be default-imported using the 'allowSyntheticDefaultImports' flag
src/components/dashboard/DataCompletenessRadarCard.tsx(6,8): error TS1259: Module '"C:/Users/vilba/.antigravity/pwri-plantmonitoring-main/pwri-plantmonitoring/frontend/node_modules/@types/react/index"' can only be default-imported using the 'allowSyntheticDefaultImports' flag
src/components/dashboard/DataSummaryFilters.tsx(1,8): error TS1259: Module '"C:/Users/vilba/.antigravity/pwri-plantmonitoring-main/pwri-plantmonitoring/frontend/node_modules/@types/react/index"' can only be default-imported using the 'allowSyntheticDefaultImports' flag
src/components/dashboard/DataSummaryModal.tsx(8,8): error TS1259: Module '"C:/Users/vilba/.antigravity/pwri-plantmonitoring-main/pwri-plantmonitoring/frontend/node_modules/@types/react/index"' can only be default-imported using the 'allowSyntheticDefaultImports' flag
src/components/dashboard/DataSummaryModal/useDataSummaryQueries.ts(233,5): error TS2322: Type 'any[] | undefined' is not assignable to type 'any[]'.
  Type 'undefined' is not assignable to type 'any[]'.
src/components/dashboard/DataSummaryModal/useDataSummaryQueries.ts(234,5): error TS2322: Type 'any[] | undefined' is not assignable to type 'any[]'.
  Type 'undefined' is not assignable to type 'any[]'.
src/components/dashboard/DataSummaryModal/useDataSummaryQueries.ts(235,5): error TS2322: Type 'any[] | undefined' is not assignable to type 'any[]'.
  Type 'undefined' is not assignable to type 'any[]'.
src/components/dashboard/DataSummaryModal/useDataSummaryQueries.ts(236,5): error TS2322: Type 'any[] | undefined' is not assignable to type 'any[]'.
  Type 'undefined' is not assignable to type 'any[]'.
src/components/dashboard/DataSummaryModal/useDataSummaryQueries.ts(239,5): error TS2322: Type 'any[] | undefined' is not assignable to type 'any[]'.
  Type 'undefined' is not assignable to type 'any[]'.
src/components/dashboard/DataSummaryModal/useDataSummaryQueries.ts(239,34): error TS2322: Type 'any[] | undefined' is not assignable to type 'any[]'.
  Type 'undefined' is not assignable to type 'any[]'.
src/components/dashboard/DataSummaryStats.tsx(1,8): error TS1259: Module '"C:/Users/vilba/.antigravity/pwri-plantmonitoring-main/pwri-plantmonitoring/frontend/node_modules/@types/react/index"' can only be default-imported using the 'allowSyntheticDefaultImports' flag
src/components/dashboard/DataSummaryTable.tsx(1,8): error TS1259: Module '"C:/Users/vilba/.antigravity/pwri-plantmonitoring-main/pwri-plantmonitoring/frontend/node_modules/@types/react/index"' can only be default-imported using the 'allowSyntheticDefaultImports' flag
src/components/dashboard/GridMeterBreakdown.test.ts(276,46): error TS2345: Argument of type '({ plant_id: string; reading_datetime: string; meter_reading_kwh: number; grid_meter_readings: { '0': number; '2': number; }; is_estimated: boolean; } | { plant_id: string; reading_datetime: string; meter_reading_kwh: number; grid_meter_readings: { ...; }; is_estimated: boolean; })[]' is not assignable to parameter of type 'GridPowerReadingRow[]'.
  Type '{ plant_id: string; reading_datetime: string; meter_reading_kwh: number; grid_meter_readings: { '0': number; '2': number; }; is_estimated: boolean; } | { plant_id: string; reading_datetime: string; meter_reading_kwh: number; grid_meter_readings: { ...; }; is_estimated: boolean; }' is not assignable to type 'GridPowerReadingRow'.
    Type '{ plant_id: string; reading_datetime: string; meter_reading_kwh: number; grid_meter_readings: { '0': number; '2'?: undefined; }; is_estimated: boolean; }' is not assignable to type 'GridPowerReadingRow'.
      Types of property 'grid_meter_readings' are incompatible.
        Type '{ '0': number; '2'?: undefined; }' is not assignable to type 'Record<string, number>'.
          Property ''2'' is incompatible with index signature.
            Type 'undefined' is not assignable to type 'number'.
src/components/dashboard/MonthlyPeriodBar.tsx(1,8): error TS1259: Module '"C:/Users/vilba/.antigravity/pwri-plantmonitoring-main/pwri-plantmonitoring/frontend/node_modules/@types/react/index"' can only be default-imported using the 'allowSyntheticDefaultImports' flag
src/components/dashboard/RangeAndMonthlyPicker.tsx(1,8): error TS1259: Module '"C:/Users/vilba/.antigravity/pwri-plantmonitoring-main/pwri-plantmonitoring/frontend/node_modules/@types/react/index"' can only be default-imported using the 'allowSyntheticDefaultImports' flag
src/components/dashboard/TrendChart.tsx(1,8): error TS1259: Module '"C:/Users/vilba/.antigravity/pwri-plantmonitoring-main/pwri-plantmonitoring/frontend/node_modules/@types/react/index"' can only be default-imported using the 'allowSyntheticDefaultImports' flag
src/components/dashboard/TrendChartCanvas.tsx(12,8): error TS1259: Module '"C:/Users/vilba/.antigravity/pwri-plantmonitoring-main/pwri-plantmonitoring/frontend/node_modules/@types/react/index"' can only be default-imported using the 'allowSyntheticDefaultImports' flag
src/components/dashboard/TrendChartCanvas/ConsumptionDrillCharts.tsx(1,8): error TS1259: Module '"C:/Users/vilba/.antigravity/pwri-plantmonitoring-main/pwri-plantmonitoring/frontend/node_modules/@types/react/index"' can only be default-imported using the 'allowSyntheticDefaultImports' flag
src/components/dashboard/TrendChartCanvas/CostAreaChart.tsx(1,8): error TS1259: Module '"C:/Users/vilba/.antigravity/pwri-plantmonitoring-main/pwri-plantmonitoring/frontend/node_modules/@types/react/index"' can only be default-imported using the 'allowSyntheticDefaultImports' flag
src/components/dashboard/TrendChartCanvas/DefaultAreaChart.tsx(1,8): error TS1259: Module '"C:/Users/vilba/.antigravity/pwri-plantmonitoring-main/pwri-plantmonitoring/frontend/node_modules/@types/react/index"' can only be default-imported using the 'allowSyntheticDefaultImports' flag
src/components/dashboard/TrendChartCanvas/DefaultAreaChart.tsx(56,11): error TS2607: JSX element class does not support attributes because it does not have a 'props' property.
src/components/dashboard/TrendChartCanvas/DefaultAreaChart.tsx(56,12): error TS2786: 'ReferenceLine' cannot be used as a JSX component.
  Its type 'typeof ReferenceLine' is not a valid JSX element type.
    Type 'typeof ReferenceLine' is not assignable to type 'new (props: any, deprecatedLegacyContext?: any) => Component<any, any, any>'.
      Type 'ReferenceLine' is missing the following properties from type 'Component<any, any, any>': context, setState, forceUpdate, props, and 2 more.
src/components/dashboard/TrendChartCanvas/DefaultAreaChart.tsx(68,11): error TS2607: JSX element class does not support attributes because it does not have a 'props' property.
src/components/dashboard/TrendChartCanvas/DefaultAreaChart.tsx(68,12): error TS2786: 'ReferenceLine' cannot be used as a JSX component.
  Its type 'typeof ReferenceLine' is not a valid JSX element type.
    Type 'typeof ReferenceLine' is not assignable to type 'new (props: any, deprecatedLegacyContext?: any) => Component<any, any, any>'.
      Type 'ReferenceLine' is missing the following properties from type 'Component<any, any, any>': context, setState, forceUpdate, props, and 2 more.
src/components/dashboard/TrendChartCanvas/KwhChart.tsx(1,8): error TS1259: Module '"C:/Users/vilba/.antigravity/pwri-plantmonitoring-main/pwri-plantmonitoring/frontend/node_modules/@types/react/index"' can only be default-imported using the 'allowSyntheticDefaultImports' flag
src/components/dashboard/TrendChartCanvas/NrwChart.tsx(1,8): error TS1259: Module '"C:/Users/vilba/.antigravity/pwri-plantmonitoring-main/pwri-plantmonitoring/frontend/node_modules/@types/react/index"' can only be default-imported using the 'allowSyntheticDefaultImports' flag
src/components/dashboard/TrendChartCanvas/NrwChart.tsx(40,7): error TS2607: JSX element class does not support attributes because it does not have a 'props' property.
src/components/dashboard/TrendChartCanvas/NrwChart.tsx(40,8): error TS2786: 'ReferenceLine' cannot be used as a JSX component.
  Its type 'typeof ReferenceLine' is not a valid JSX element type.
    Type 'typeof ReferenceLine' is not assignable to type 'new (props: any, deprecatedLegacyContext?: any) => Component<any, any, any>'.
      Type 'ReferenceLine' is missing the following properties from type 'Component<any, any, any>': context, setState, forceUpdate, props, and 2 more.
src/components/dashboard/TrendChartCanvas/PlantHealthChart.tsx(1,8): error TS1259: Module '"C:/Users/vilba/.antigravity/pwri-plantmonitoring-main/pwri-plantmonitoring/frontend/node_modules/@types/react/index"' can only be default-imported using the 'allowSyntheticDefaultImports' flag
src/components/dashboard/TrendChartCanvas/PlantHealthChart.tsx(93,7): error TS2607: JSX element class does not support attributes because it does not have a 'props' property.
src/components/dashboard/TrendChartCanvas/PlantHealthChart.tsx(93,8): error TS2786: 'ReferenceLine' cannot be used as a JSX component.
  Its type 'typeof ReferenceLine' is not a valid JSX element type.
    Type 'typeof ReferenceLine' is not assignable to type 'new (props: any, deprecatedLegacyContext?: any) => Component<any, any, any>'.
      Type 'ReferenceLine' is missing the following properties from type 'Component<any, any, any>': context, setState, forceUpdate, props, and 2 more.
src/components/dashboard/TrendChartCanvas/PlantHealthChart.tsx(95,7): error TS2607: JSX element class does not support attributes because it does not have a 'props' property.
src/components/dashboard/TrendChartCanvas/PlantHealthChart.tsx(95,8): error TS2786: 'ReferenceLine' cannot be used as a JSX component.
  Its type 'typeof ReferenceLine' is not a valid JSX element type.
    Type 'typeof ReferenceLine' is not assignable to type 'new (props: any, deprecatedLegacyContext?: any) => Component<any, any, any>'.
      Type 'ReferenceLine' is missing the following properties from type 'Component<any, any, any>': context, setState, forceUpdate, props, and 2 more.
src/components/dashboard/TrendChartCanvas/ProductionCostCharts.tsx(1,8): error TS1259: Module '"C:/Users/vilba/.antigravity/pwri-plantmonitoring-main/pwri-plantmonitoring/frontend/node_modules/@types/react/index"' can only be default-imported using the 'allowSyntheticDefaultImports' flag
src/components/dashboard/TrendChartCanvas/PvChart.tsx(1,8): error TS1259: Module '"C:/Users/vilba/.antigravity/pwri-plantmonitoring-main/pwri-plantmonitoring/frontend/node_modules/@types/react/index"' can only be default-imported using the 'allowSyntheticDefaultImports' flag
src/components/dashboard/TrendChartCanvas/PvChart.tsx(34,9): error TS2769: No overload matches this call.
  Overload 1 of 2, '(props: Props): YAxis', gave the following error.
    Type '(number | ((dataMax: number) => number))[]' is not assignable to type 'AxisDomain | undefined'.
      Type '(number | ((dataMax: number) => number))[]' is not assignable to type 'string[] | number[] | (([dataMin, dataMax]: [number, number], allowDataOverflow: boolean) => [number, number])'.
        Type '(number | ((dataMax: number) => number))[]' is not assignable to type 'string[]'.
          Type 'number | ((dataMax: number) => number)' is not assignable to type 'string'.
            Type 'number' is not assignable to type 'string'.
  Overload 2 of 2, '(props: Props, context: any): YAxis', gave the following error.
    Type '(number | ((dataMax: number) => number))[]' is not assignable to type 'AxisDomain | undefined'.
      Type '(number | ((dataMax: number) => number))[]' is not assignable to type 'string[] | number[] | (([dataMin, dataMax]: [number, number], allowDataOverflow: boolean) => [number, number])'.
        Type '(number | ((dataMax: number) => number))[]' is not assignable to type 'string[]'.
          Type 'number | ((dataMax: number) => number)' is not assignable to type 'string'.
            Type 'number' is not assignable to type 'string'.
src/components/dashboard/TrendChartCanvas/PvChart.tsx(39,7): error TS2607: JSX element class does not support attributes because it does not have a 'props' property.
src/components/dashboard/TrendChartCanvas/PvChart.tsx(39,8): error TS2786: 'ReferenceLine' cannot be used as a JSX component.
  Its type 'typeof ReferenceLine' is not a valid JSX element type.
    Type 'typeof ReferenceLine' is not assignable to type 'new (props: any, deprecatedLegacyContext?: any) => Component<any, any, any>'.
      Type 'ReferenceLine' is missing the following properties from type 'Component<any, any, any>': context, setState, forceUpdate, props, and 2 more.
src/components/dashboard/TrendChartCanvas/RawWaterAreaChart.tsx(1,8): error TS1259: Module '"C:/Users/vilba/.antigravity/pwri-plantmonitoring-main/pwri-plantmonitoring/frontend/node_modules/@types/react/index"' can only be default-imported using the 'allowSyntheticDefaultImports' flag
src/components/dashboard/TrendChartCanvas/RawWaterByWellCharts.tsx(1,8): error TS1259: Module '"C:/Users/vilba/.antigravity/pwri-plantmonitoring-main/pwri-plantmonitoring/frontend/node_modules/@types/react/index"' can only be default-imported using the 'allowSyntheticDefaultImports' flag
src/components/dashboard/TrendChartCanvas/RoDrillByHourChart.tsx(1,8): error TS1259: Module '"C:/Users/vilba/.antigravity/pwri-plantmonitoring-main/pwri-plantmonitoring/frontend/node_modules/@types/react/index"' can only be default-imported using the 'allowSyntheticDefaultImports' flag
src/components/dashboard/TrendChartCanvas/RoDrillCharts.tsx(1,8): error TS1259: Module '"C:/Users/vilba/.antigravity/pwri-plantmonitoring-main/pwri-plantmonitoring/frontend/node_modules/@types/react/index"' can only be default-imported using the 'allowSyntheticDefaultImports' flag
src/components/dashboard/TrendChartCanvas/TdsAreaChart.tsx(1,8): error TS1259: Module '"C:/Users/vilba/.antigravity/pwri-plantmonitoring-main/pwri-plantmonitoring/frontend/node_modules/@types/react/index"' can only be default-imported using the 'allowSyntheticDefaultImports' flag
src/components/dashboard/TrendChartCanvas/TdsAreaChart.tsx(53,7): error TS2607: JSX element class does not support attributes because it does not have a 'props' property.
src/components/dashboard/TrendChartCanvas/TdsAreaChart.tsx(53,8): error TS2786: 'ReferenceLine' cannot be used as a JSX component.
  Its type 'typeof ReferenceLine' is not a valid JSX element type.
    Type 'typeof ReferenceLine' is not assignable to type 'new (props: any, deprecatedLegacyContext?: any) => Component<any, any, any>'.
      Type 'ReferenceLine' is missing the following properties from type 'Component<any, any, any>': context, setState, forceUpdate, props, and 2 more.
src/components/dashboard/TrendChartControls/KwhDesktopControls.tsx(1,8): error TS1259: Module '"C:/Users/vilba/.antigravity/pwri-plantmonitoring-main/pwri-plantmonitoring/frontend/node_modules/@types/react/index"' can only be default-imported using the 'allowSyntheticDefaultImports' flag
src/components/dashboard/TrendChartControls/KwhDesktopControls.tsx(32,27): error TS2322: Type 'string' is not assignable to type 'Granularity'.
src/components/dashboard/TrendChartControls/KwhDesktopControls.tsx(58,24): error TS2322: Type 'string' is not assignable to type 'StackMode'.
src/components/dashboard/TrendChartControls/LocatorFilterPanel.tsx(1,8): error TS1259: Module '"C:/Users/vilba/.antigravity/pwri-plantmonitoring-main/pwri-plantmonitoring/frontend/node_modules/@types/react/index"' can only be default-imported using the 'allowSyntheticDefaultImports' flag
src/components/dashboard/TrendChartControls/PlantHealthControls.tsx(1,8): error TS1259: Module '"C:/Users/vilba/.antigravity/pwri-plantmonitoring-main/pwri-plantmonitoring/frontend/node_modules/@types/react/index"' can only be default-imported using the 'allowSyntheticDefaultImports' flag
src/components/dashboard/TrendChartControls/ProductionCostDesktopControls.tsx(1,8): error TS1259: Module '"C:/Users/vilba/.antigravity/pwri-plantmonitoring-main/pwri-plantmonitoring/frontend/node_modules/@types/react/index"' can only be default-imported using the 'allowSyntheticDefaultImports' flag
src/components/dashboard/TrendChartControls/ProductionCostDesktopControls.tsx(27,27): error TS2322: Type 'string' is not assignable to type 'Granularity'.
src/components/dashboard/TrendChartControls/ProductionCostDesktopControls.tsx(29,20): error TS2322: Type 'string' is not assignable to type 'StackMode'.
src/components/dashboard/TrendChartControls/ProductionCostDesktopControls.tsx(33,47): error TS2345: Argument of type '(v: any) => boolean' is not assignable to parameter of type 'boolean'.
src/components/dashboard/TrendChartControls/ProductionCostDesktopControls.tsx(44,45): error TS2345: Argument of type '(v: any) => boolean' is not assignable to parameter of type 'boolean'.
src/components/dashboard/TrendChartControls/ProductionCostDesktopControls.tsx(54,44): error TS2345: Argument of type '(v: any) => boolean' is not assignable to parameter of type 'boolean'.
src/components/dashboard/TrendChartControls/ProductionDrillControls.tsx(1,8): error TS1259: Module '"C:/Users/vilba/.antigravity/pwri-plantmonitoring-main/pwri-plantmonitoring/frontend/node_modules/@types/react/index"' can only be default-imported using the 'allowSyntheticDefaultImports' flag
src/components/dashboard/TrendChartControls/ProductionDrillControls.tsx(39,9): error TS2322: Type 'string' is not assignable to type 'Granularity'.
src/components/dashboard/TrendChartControls/ProductionDrillControls.tsx(84,47): error TS2345: Argument of type '(v: any) => boolean' is not assignable to parameter of type 'boolean'.
src/components/dashboard/TrendChartControls/ProductionDrillControls.tsx(111,24): error TS2322: Type 'string' is not assignable to type 'StackMode'.
src/components/dashboard/TrendChartControls/PvDesktopControls.tsx(1,8): error TS1259: Module '"C:/Users/vilba/.antigravity/pwri-plantmonitoring-main/pwri-plantmonitoring/frontend/node_modules/@types/react/index"' can only be default-imported using the 'allowSyntheticDefaultImports' flag
src/components/dashboard/TrendChartControls/PvDesktopControls.tsx(15,27): error TS2322: Type 'string' is not assignable to type 'Granularity'.
src/components/dashboard/TrendChartControls/RawWaterDesktopControls.tsx(1,8): error TS1259: Module '"C:/Users/vilba/.antigravity/pwri-plantmonitoring-main/pwri-plantmonitoring/frontend/node_modules/@types/react/index"' can only be default-imported using the 'allowSyntheticDefaultImports' flag
src/components/dashboard/TrendChartControls/RawWaterDesktopControls.tsx(30,9): error TS2322: Type 'string' is not assignable to type 'Granularity'.
src/components/dashboard/TrendChartControls/RawWaterDesktopControls.tsx(57,44): error TS2345: Argument of type '(v: any) => boolean' is not assignable to parameter of type 'boolean'.
src/components/dashboard/TrendChartControls/RawWaterDesktopControls.tsx(81,31): error TS2304: Cannot find name 'stackMode'.
src/components/dashboard/TrendChartControls/TdsDrillControls.tsx(1,8): error TS1259: Module '"C:/Users/vilba/.antigravity/pwri-plantmonitoring-main/pwri-plantmonitoring/frontend/node_modules/@types/react/index"' can only be default-imported using the 'allowSyntheticDefaultImports' flag
src/components/dashboard/TrendChartControls/TdsDrillControls.tsx(36,9): error TS2322: Type 'string' is not assignable to type 'Granularity'.
src/components/dashboard/TrendChartControls/TdsDrillControls.tsx(84,45): error TS2345: Argument of type '(v: any) => boolean' is not assignable to parameter of type 'boolean'.
src/components/dashboard/TrendChartControls/TdsDrillControls.tsx(110,24): error TS2322: Type 'string' is not assignable to type 'StackMode'.
src/components/dashboard/TrendChartControls/TrainFilterPanel.tsx(1,8): error TS1259: Module '"C:/Users/vilba/.antigravity/pwri-plantmonitoring-main/pwri-plantmonitoring/frontend/node_modules/@types/react/index"' can only be default-imported using the 'allowSyntheticDefaultImports' flag
src/components/dashboard/TrendChartControls/TrendChartMobilePopover.tsx(1,8): error TS1259: Module '"C:/Users/vilba/.antigravity/pwri-plantmonitoring-main/pwri-plantmonitoring/frontend/node_modules/@types/react/index"' can only be default-imported using the 'allowSyntheticDefaultImports' flag
src/components/dashboard/TrendChartControls/TrendChartMobilePopover.tsx(61,35): error TS2322: Type 'string' is not assignable to type 'Granularity'.
src/components/dashboard/TrendChartControls/TrendChartMobilePopover.tsx(77,30): error TS2322: Type 'string' is not assignable to type 'StackMode'.
src/components/dashboard/TrendChartControls/TrendChartMobilePopover.tsx(85,33): error TS2322: Type 'string' is not assignable to type 'Granularity'.
src/components/dashboard/TrendChartControls/TrendChartMobilePopover.tsx(92,35): error TS2322: Type 'string' is not assignable to type 'Granularity'.
src/components/dashboard/TrendChartControls/TrendChartMobilePopover.tsx(104,30): error TS2322: Type 'string' is not assignable to type 'StackMode'.
src/components/dashboard/TrendChartControls/TrendChartMobilePopover.tsx(114,17): error TS2322: Type 'string' is not assignable to type 'Granularity'.
src/components/dashboard/TrendChartControls/TrendChartMobilePopover.tsx(138,30): error TS2322: Type 'string' is not assignable to type 'StackMode'.
src/components/dashboard/TrendChartControls/TrendChartMobilePopover.tsx(158,33): error TS2322: Type 'string' is not assignable to type 'Granularity'.
src/components/dashboard/TrendChartControls/TrendChartMobilePopover.tsx(165,28): error TS2322: Type 'string' is not assignable to type 'StackMode'.
src/components/dashboard/TrendChartControls/TrendChartMobilePopover.tsx(184,28): error TS2322: Type 'string' is not assignable to type 'StackMode'.
src/components/dashboard/TrendChartControls/WellFilterPanel.tsx(1,8): error TS1259: Module '"C:/Users/vilba/.antigravity/pwri-plantmonitoring-main/pwri-plantmonitoring/frontend/node_modules/@types/react/index"' can only be default-imported using the 'allowSyntheticDefaultImports' flag
src/components/dashboard/TrendChartDrill.tsx(31,8): error TS1259: Module '"C:/Users/vilba/.antigravity/pwri-plantmonitoring-main/pwri-plantmonitoring/frontend/node_modules/@types/react/index"' can only be default-imported using the 'allowSyntheticDefaultImports' flag
src/components/dashboard/TrendChartDrillKit.ts(29,8): error TS1259: Module '"C:/Users/vilba/.antigravity/pwri-plantmonitoring-main/pwri-plantmonitoring/frontend/node_modules/@types/react/index"' can only be default-imported using the 'allowSyntheticDefaultImports' flag
src/components/dashboard/TrendChartPivotShared.tsx(24,3): error TS1205: Re-exporting a type when 'isolatedModules' is enabled requires using 'export type'.
src/components/dashboard/TrendChartPivotShared/gridMeterBreakdown.ts(114,35): error TS18049: 'r.multiplier' is possibly 'null' or 'undefined'.
src/components/dashboard/TrendChartPivotShared/index.ts(4,3): error TS1205: Re-exporting a type when 'isolatedModules' is enabled requires using 'export type'.
src/components/dashboard/TrendChartTables/GridMeterBreakdownTable.tsx(1,8): error TS1259: Module '"C:/Users/vilba/.antigravity/pwri-plantmonitoring-main/pwri-plantmonitoring/frontend/node_modules/@types/react/index"' can only be default-imported using the 'allowSyntheticDefaultImports' flag
src/components/dashboard/TrendChartTables/OverviewTable.tsx(1,8): error TS1259: Module '"C:/Users/vilba/.antigravity/pwri-plantmonitoring-main/pwri-plantmonitoring/frontend/node_modules/@types/react/index"' can only be default-imported using the 'allowSyntheticDefaultImports' flag
src/components/dashboard/TrendChartTables/PivotTable.tsx(1,8): error TS1259: Module '"C:/Users/vilba/.antigravity/pwri-plantmonitoring-main/pwri-plantmonitoring/frontend/node_modules/@types/react/index"' can only be default-imported using the 'allowSyntheticDefaultImports' flag
src/components/DeleteEntityMenu/deps.ts(37,44): error TS18048: 'r.table' is possibly 'undefined'.
src/components/DowntimeEventsModal.tsx(1,8): error TS1259: Module '"C:/Users/vilba/.antigravity/pwri-plantmonitoring-main/pwri-plantmonitoring/frontend/node_modules/@types/react/index"' can only be default-imported using the 'allowSyntheticDefaultImports' flag
src/components/DowntimeEventsModal/AddEventForm.tsx(1,8): error TS1259: Module '"C:/Users/vilba/.antigravity/pwri-plantmonitoring-main/pwri-plantmonitoring/frontend/node_modules/@types/react/index"' can only be default-imported using the 'allowSyntheticDefaultImports' flag
src/components/DowntimeEventsModal/EventRow.tsx(1,8): error TS1259: Module '"C:/Users/vilba/.antigravity/pwri-plantmonitoring-main/pwri-plantmonitoring/frontend/node_modules/@types/react/index"' can only be default-imported using the 'allowSyntheticDefaultImports' flag
src/components/DowntimeEventsModal/EventsTable.tsx(1,8): error TS1259: Module '"C:/Users/vilba/.antigravity/pwri-plantmonitoring-main/pwri-plantmonitoring/frontend/node_modules/@types/react/index"' can only be default-imported using the 'allowSyntheticDefaultImports' flag
src/components/DowntimeEventsModal/SubsystemFilterChips.tsx(1,8): error TS1259: Module '"C:/Users/vilba/.antigravity/pwri-plantmonitoring-main/pwri-plantmonitoring/frontend/node_modules/@types/react/index"' can only be default-imported using the 'allowSyntheticDefaultImports' flag
src/components/DowntimeEventsModal/TopControlsBar.tsx(1,8): error TS1259: Module '"C:/Users/vilba/.antigravity/pwri-plantmonitoring-main/pwri-plantmonitoring/frontend/node_modules/@types/react/index"' can only be default-imported using the 'allowSyntheticDefaultImports' flag
src/components/ErrorBoundary.tsx(1,8): error TS1259: Module '"C:/Users/vilba/.antigravity/pwri-plantmonitoring-main/pwri-plantmonitoring/frontend/node_modules/@types/react/index"' can only be default-imported using the 'allowSyntheticDefaultImports' flag
src/components/ErrorBoundary.tsx(50,14): error TS2339: Property 'setState' does not exist on type 'ErrorBoundary'.
src/components/ErrorBoundary.tsx(63,12): error TS2339: Property 'setState' does not exist on type 'ErrorBoundary'.
src/components/ErrorBoundary.tsx(74,29): error TS2339: Property 'props' does not exist on type 'ErrorBoundary'.
src/components/InstrumentBanner.tsx(1,8): error TS1259: Module '"C:/Users/vilba/.antigravity/pwri-plantmonitoring-main/pwri-plantmonitoring/frontend/node_modules/@types/react/index"' can only be default-imported using the 'allowSyntheticDefaultImports' flag
src/components/OdometerRollerInput/MobileCarousel.tsx(1,8): error TS1259: Module '"C:/Users/vilba/.antigravity/pwri-plantmonitoring-main/pwri-plantmonitoring/frontend/node_modules/@types/react/index"' can only be default-imported using the 'allowSyntheticDefaultImports' flag
src/components/OdometerRollerInput/OdometerRollerInput.tsx(1,8): error TS1259: Module '"C:/Users/vilba/.antigravity/pwri-plantmonitoring-main/pwri-plantmonitoring/frontend/node_modules/@types/react/index"' can only be default-imported using the 'allowSyntheticDefaultImports' flag
src/components/operations/ControlCluster.tsx(1,8): error TS1259: Module '"C:/Users/vilba/.antigravity/pwri-plantmonitoring-main/pwri-plantmonitoring/frontend/node_modules/@types/react/index"' can only be default-imported using the 'allowSyntheticDefaultImports' flag
src/components/operations/LocatorRow.tsx(1,8): error TS1259: Module '"C:/Users/vilba/.antigravity/pwri-plantmonitoring-main/pwri-plantmonitoring/frontend/node_modules/@types/react/index"' can only be default-imported using the 'allowSyntheticDefaultImports' flag
src/components/operations/LocatorRow.tsx(260,32): error TS2322: Type 'boolean | "" | null' is not assignable to type 'boolean | undefined'.
  Type 'null' is not assignable to type 'boolean | undefined'.
src/components/operations/LocatorRow.tsx(323,30): error TS2322: Type 'boolean | "" | null' is not assignable to type 'boolean | undefined'.
  Type 'null' is not assignable to type 'boolean | undefined'.
src/components/operations/LocatorRow/useLocatorReading.ts(207,7): error TS2322: Type 'number' is not assignable to type 'null'.
src/components/operations/LocatorRow/useLocatorReading.ts(207,38): error TS2322: Type 'number' is not assignable to type 'null'.
src/components/operations/LocatorRow/useLocatorReading.ts(209,29): error TS2345: Argument of type 'null' is not assignable to parameter of type 'number'.
src/components/operations/MetaStrip.tsx(1,8): error TS1259: Module '"C:/Users/vilba/.antigravity/pwri-plantmonitoring-main/pwri-plantmonitoring/frontend/node_modules/@types/react/index"' can only be default-imported using the 'allowSyntheticDefaultImports' flag
src/components/operations/ProductMeterRow.tsx(1,8): error TS1259: Module '"C:/Users/vilba/.antigravity/pwri-plantmonitoring-main/pwri-plantmonitoring/frontend/node_modules/@types/react/index"' can only be default-imported using the 'allowSyntheticDefaultImports' flag
src/components/operations/ProductMeterRow.tsx(26,26): error TS2305: Module '"@/lib/calculations"' has no exported member 'fmtSaveToast'.
src/components/operations/ProductMeterRow/index.ts(1,33): error TS2307: Cannot find module './ProductMeterRow' or its corresponding type declarations.
src/components/operations/ProductMeterRow/ProductMeterHistoryDialog.tsx(1,8): error TS1259: Module '"C:/Users/vilba/.antigravity/pwri-plantmonitoring-main/pwri-plantmonitoring/frontend/node_modules/@types/react/index"' can only be default-imported using the 'allowSyntheticDefaultImports' flag
src/components/operations/ProductMeterRow/ProductMeterHistoryDialog.tsx(20,26): error TS2305: Module '"@/lib/calculations"' has no exported member 'computeRate'.
src/components/operations/ProductMeterRow/ProductMeterHistoryDialog.tsx(20,39): error TS2305: Module '"@/lib/calculations"' has no exported member 'classifyDeviation'.
src/components/operations/ProductMeterRow/ProductMeterHistoryDialog.tsx(20,58): error TS2305: Module '"@/lib/calculations"' has no exported member 'fmtSaveToast'.
src/components/operations/ProductMeterRow/ProductMeterHistoryDialog.tsx(20,72): error TS2305: Module '"@/lib/calculations"' has no exported member 'lastReadingFreshness'.
src/components/operations/WellRow.tsx(1,8): error TS1259: Module '"C:/Users/vilba/.antigravity/pwri-plantmonitoring-main/pwri-plantmonitoring/frontend/node_modules/@types/react/index"' can only be default-imported using the 'allowSyntheticDefaultImports' flag
src/components/operations/WellRow/useWellRowActions.ts(1,8): error TS1259: Module '"C:/Users/vilba/.antigravity/pwri-plantmonitoring-main/pwri-plantmonitoring/frontend/node_modules/@types/react/index"' can only be default-imported using the 'allowSyntheticDefaultImports' flag
src/components/operations/WellRow/useWellRowActions.ts(171,7): error TS2322: Type 'number' is not assignable to type 'null'.
src/components/operations/WellRow/useWellRowActions.ts(171,38): error TS2322: Type 'number' is not assignable to type 'null'.
src/components/operations/WellRow/useWellRowActions.ts(285,9): error TS2322: Type 'string | null' is not assignable to type 'string'.
  Type 'null' is not assignable to type 'string'.
src/components/operations/WellRow/WellRowAlerts.tsx(1,8): error TS1259: Module '"C:/Users/vilba/.antigravity/pwri-plantmonitoring-main/pwri-plantmonitoring/frontend/node_modules/@types/react/index"' can only be default-imported using the 'allowSyntheticDefaultImports' flag
src/components/operations/WellRow/WellRowDialogs.tsx(1,8): error TS1259: Module '"C:/Users/vilba/.antigravity/pwri-plantmonitoring-main/pwri-plantmonitoring/frontend/node_modules/@types/react/index"' can only be default-imported using the 'allowSyntheticDefaultImports' flag
src/components/operations/WellRow/WellRowHeader.tsx(1,8): error TS1259: Module '"C:/Users/vilba/.antigravity/pwri-plantmonitoring-main/pwri-plantmonitoring/frontend/node_modules/@types/react/index"' can only be default-imported using the 'allowSyntheticDefaultImports' flag
src/components/operations/WellRow/WellRowInputs.tsx(1,8): error TS1259: Module '"C:/Users/vilba/.antigravity/pwri-plantmonitoring-main/pwri-plantmonitoring/frontend/node_modules/@types/react/index"' can only be default-imported using the 'allowSyntheticDefaultImports' flag
src/components/operations/WellRow/WellRowInputs.tsx(103,32): error TS2322: Type 'boolean | "" | null' is not assignable to type 'boolean | undefined'.
  Type 'null' is not assignable to type 'boolean | undefined'.
src/components/operations/WellRow/WellRowInputs.tsx(125,32): error TS2322: Type 'boolean | "" | null' is not assignable to type 'boolean | undefined'.
  Type 'null' is not assignable to type 'boolean | undefined'.
src/components/PlantSelector.tsx(1,8): error TS1259: Module '"C:/Users/vilba/.antigravity/pwri-plantmonitoring-main/pwri-plantmonitoring/frontend/node_modules/@types/react/index"' can only be default-imported using the 'allowSyntheticDefaultImports' flag
src/components/PmsCalendar/ChecklistDialog.tsx(70,14): error TS2783: 'completed' is specified more than once, so this usage will be overwritten.
src/components/PmsCalendar/ChecklistDialog.tsx(70,32): error TS2783: 'value' is specified more than once, so this usage will be overwritten.
src/components/PmsCalendar/ChecklistDialog.tsx(70,43): error TS2783: 'notes' is specified more than once, so this usage will be overwritten.
src/components/PullToRefresh.tsx(1,8): error TS1259: Module '"C:/Users/vilba/.antigravity/pwri-plantmonitoring-main/pwri-plantmonitoring/frontend/node_modules/@types/react/index"' can only be default-imported using the 'allowSyntheticDefaultImports' flag
src/components/readingHistory/HistoryCascadeConfirmDialog.tsx(2,8): error TS1259: Module '"C:/Users/vilba/.antigravity/pwri-plantmonitoring-main/pwri-plantmonitoring/frontend/node_modules/@types/react/index"' can only be default-imported using the 'allowSyntheticDefaultImports' flag
src/components/readingHistory/ReadingHistoryBulkActions.tsx(2,8): error TS1259: Module '"C:/Users/vilba/.antigravity/pwri-plantmonitoring-main/pwri-plantmonitoring/frontend/node_modules/@types/react/index"' can only be default-imported using the 'allowSyntheticDefaultImports' flag
src/components/readingHistory/ReadingHistoryEditForm.tsx(2,8): error TS1259: Module '"C:/Users/vilba/.antigravity/pwri-plantmonitoring-main/pwri-plantmonitoring/frontend/node_modules/@types/react/index"' can only be default-imported using the 'allowSyntheticDefaultImports' flag
src/components/readingHistory/ReadingHistoryTable.tsx(2,8): error TS1259: Module '"C:/Users/vilba/.antigravity/pwri-plantmonitoring-main/pwri-plantmonitoring/frontend/node_modules/@types/react/index"' can only be default-imported using the 'allowSyntheticDefaultImports' flag
src/components/readingHistory/ReadingHistoryTable.tsx(84,20): error TS2322: Type 'string | null' is not assignable to type 'string | undefined'.
  Type 'null' is not assignable to type 'string | undefined'.
src/components/readingHistory/ReadingHistoryTable.tsx(137,45): error TS2322: Type 'string | null' is not assignable to type 'string | undefined'.
  Type 'null' is not assignable to type 'string | undefined'.
src/components/readingHistory/ReadingHistoryTable.tsx(144,15): error TS2322: Type 'string | null' is not assignable to type 'string | undefined'.
  Type 'null' is not assignable to type 'string | undefined'.
src/components/readingHistory/ReadingHistoryTable/InfoBanners.tsx(1,8): error TS1259: Module '"C:/Users/vilba/.antigravity/pwri-plantmonitoring-main/pwri-plantmonitoring/frontend/node_modules/@types/react/index"' can only be default-imported using the 'allowSyntheticDefaultImports' flag
src/components/readingHistory/ReadingHistoryTable/PowerRow.tsx(1,8): error TS1259: Module '"C:/Users/vilba/.antigravity/pwri-plantmonitoring-main/pwri-plantmonitoring/frontend/node_modules/@types/react/index"' can only be default-imported using the 'allowSyntheticDefaultImports' flag
src/components/readingHistory/ReadingHistoryTable/StandardRow.tsx(1,8): error TS1259: Module '"C:/Users/vilba/.antigravity/pwri-plantmonitoring-main/pwri-plantmonitoring/frontend/node_modules/@types/react/index"' can only be default-imported using the 'allowSyntheticDefaultImports' flag
src/components/readingHistory/ReadingHistoryTable/TableBody.tsx(1,8): error TS1259: Module '"C:/Users/vilba/.antigravity/pwri-plantmonitoring-main/pwri-plantmonitoring/frontend/node_modules/@types/react/index"' can only be default-imported using the 'allowSyntheticDefaultImports' flag
src/components/readingHistory/ReadingHistoryTable/TableDialogs.tsx(1,8): error TS1259: Module '"C:/Users/vilba/.antigravity/pwri-plantmonitoring-main/pwri-plantmonitoring/frontend/node_modules/@types/react/index"' can only be default-imported using the 'allowSyntheticDefaultImports' flag
src/components/readingHistory/ReadingHistoryTable/TableFooter.tsx(1,8): error TS1259: Module '"C:/Users/vilba/.antigravity/pwri-plantmonitoring-main/pwri-plantmonitoring/frontend/node_modules/@types/react/index"' can only be default-imported using the 'allowSyntheticDefaultImports' flag
src/components/readingHistory/ReadingHistoryTable/TableHeader.tsx(1,8): error TS1259: Module '"C:/Users/vilba/.antigravity/pwri-plantmonitoring-main/pwri-plantmonitoring/frontend/node_modules/@types/react/index"' can only be default-imported using the 'allowSyntheticDefaultImports' flag
src/components/ReadingHistoryDialog.tsx(2,8): error TS1259: Module '"C:/Users/vilba/.antigravity/pwri-plantmonitoring-main/pwri-plantmonitoring/frontend/node_modules/@types/react/index"' can only be default-imported using the 'allowSyntheticDefaultImports' flag
src/components/ReadingImportDialog.test.ts(53,45): error TS2345: Argument of type '({ well_name: string; current_reading: string; reading_datetime: string; meter_name: string; } | { well_name: string; current_reading: string; reading_datetime: string; meter_name?: undefined; })[]' is not assignable to parameter of type 'Record<string, string>[]'.
  Type '{ well_name: string; current_reading: string; reading_datetime: string; meter_name: string; } | { well_name: string; current_reading: string; reading_datetime: string; meter_name?: undefined; }' is not assignable to type 'Record<string, string>'.
    Type '{ well_name: string; current_reading: string; reading_datetime: string; meter_name?: undefined; }' is not assignable to type 'Record<string, string>'.
      Property 'meter_name' is incompatible with index signature.
        Type 'undefined' is not assignable to type 'string'.
src/components/ReadingImportDialog.tsx(1,8): error TS1259: Module '"C:/Users/vilba/.antigravity/pwri-plantmonitoring-main/pwri-plantmonitoring/frontend/node_modules/@types/react/index"' can only be default-imported using the 'allowSyntheticDefaultImports' flag
src/components/ReadingImportDialog/DuplicateConfirmDialog.tsx(1,8): error TS1259: Module '"C:/Users/vilba/.antigravity/pwri-plantmonitoring-main/pwri-plantmonitoring/frontend/node_modules/@types/react/index"' can only be default-imported using the 'allowSyntheticDefaultImports' flag
src/components/ShiftHandoverModal.tsx(1,8): error TS1259: Module '"C:/Users/vilba/.antigravity/pwri-plantmonitoring-main/pwri-plantmonitoring/frontend/node_modules/@types/react/index"' can only be default-imported using the 'allowSyntheticDefaultImports' flag
src/components/ui/async-button.tsx(1,8): error TS1259: Module '"C:/Users/vilba/.antigravity/pwri-plantmonitoring-main/pwri-plantmonitoring/frontend/node_modules/@types/react/index"' can only be default-imported using the 'allowSyntheticDefaultImports' flag
src/components/ui/Signal.tsx(1,8): error TS1259: Module '"C:/Users/vilba/.antigravity/pwri-plantmonitoring-main/pwri-plantmonitoring/frontend/node_modules/@types/react/index"' can only be default-imported using the 'allowSyntheticDefaultImports' flag
src/hooks/usePresence.tsx(26,8): error TS1259: Module '"C:/Users/vilba/.antigravity/pwri-plantmonitoring-main/pwri-plantmonitoring/frontend/node_modules/@types/react/index"' can only be default-imported using the 'allowSyntheticDefaultImports' flag
src/lib/appraisal.tsx(1,8): error TS1259: Module '"C:/Users/vilba/.antigravity/pwri-plantmonitoring-main/pwri-plantmonitoring/frontend/node_modules/@types/react/index"' can only be default-imported using the 'allowSyntheticDefaultImports' flag
src/pages/admin/AuditLogPanel/DeletionAuditSection.tsx(1,8): error TS1259: Module '"C:/Users/vilba/.antigravity/pwri-plantmonitoring-main/pwri-plantmonitoring/frontend/node_modules/@types/react/index"' can only be default-imported using the 'allowSyntheticDefaultImports' flag
src/pages/admin/AuditLogPanel/LoginAuditSection.tsx(1,8): error TS1259: Module '"C:/Users/vilba/.antigravity/pwri-plantmonitoring-main/pwri-plantmonitoring/frontend/node_modules/@types/react/index"' can only be default-imported using the 'allowSyntheticDefaultImports' flag
src/pages/admin/AuditLogPanel/ModeSwitcher.tsx(1,8): error TS1259: Module '"C:/Users/vilba/.antigravity/pwri-plantmonitoring-main/pwri-plantmonitoring/frontend/node_modules/@types/react/index"' can only be default-imported using the 'allowSyntheticDefaultImports' flag
src/pages/admin/UsersPanel.tsx(111,22): error TS2304: Cannot find name 'SharedTileProps'.
src/pages/admin/UsersPanel/CreateUserDialog.tsx(65,9): error TS2322: Type 'string | null' is not assignable to type 'string'.
  Type 'null' is not assignable to type 'string'.
src/pages/admin/UsersPanel/CreateUserDialog.tsx(67,9): error TS2322: Type 'string | null' is not assignable to type 'string'.
  Type 'null' is not assignable to type 'string'.
src/pages/admin/UsersPanel/CreateUserDialog.tsx(68,9): error TS2322: Type 'string | null' is not assignable to type 'string'.
  Type 'null' is not assignable to type 'string'.
src/pages/admin/UsersPanel/UserTableRow.tsx(27,41): error TS2304: Cannot find name 'OPERATOR_DESIGNATION'.
src/pages/Alerts.tsx(1,8): error TS1259: Module '"C:/Users/vilba/.antigravity/pwri-plantmonitoring-main/pwri-plantmonitoring/frontend/node_modules/@types/react/index"' can only be default-imported using the 'allowSyntheticDefaultImports' flag
src/pages/Alerts/KpiCards.tsx(53,17): error TS2322: Type '{ tone: string; pulse: true; size: number; }' is not assignable to type 'IntrinsicAttributes & Omit<LucideProps, "ref"> & RefAttributes<SVGSVGElement>'.
  Property 'tone' does not exist on type 'IntrinsicAttributes & Omit<LucideProps, "ref"> & RefAttributes<SVGSVGElement>'.
src/pages/Alerts/KpiCards.tsx(72,17): error TS2322: Type '{ tone: string; size: number; }' is not assignable to type 'IntrinsicAttributes & Omit<LucideProps, "ref"> & RefAttributes<SVGSVGElement>'.
  Property 'tone' does not exist on type 'IntrinsicAttributes & Omit<LucideProps, "ref"> & RefAttributes<SVGSVGElement>'.
src/pages/auth/SignUpForm.tsx(165,11): error TS2322: Type 'string | null' is not assignable to type 'string'.
  Type 'null' is not assignable to type 'string'.
src/pages/auth/SignUpForm.tsx(167,11): error TS2322: Type 'string | null' is not assignable to type 'string'.
  Type 'null' is not assignable to type 'string'.
src/pages/auth/SignUpForm.tsx(168,11): error TS2322: Type 'string | null' is not assignable to type 'string'.
  Type 'null' is not assignable to type 'string'.
src/pages/costs/ChemicalPrices/index.tsx(65,13): error TS2322: Type '{ chemical_name: string; created_at: string; effective_date: string; id: string; unit_price: number; updated_by: string | null; }[] | undefined' is not assignable to type 'any[]'.
  Type 'undefined' is not assignable to type 'any[]'.
src/pages/costs/Power.tsx(43,17): error TS2345: Argument of type '{ value: string; label: string; }' is not assignable to parameter of type 'never'.
src/pages/Dashboard.tsx(1,8): error TS1259: Module '"C:/Users/vilba/.antigravity/pwri-plantmonitoring-main/pwri-plantmonitoring/frontend/node_modules/@types/react/index"' can only be default-imported using the 'allowSyntheticDefaultImports' flag
src/pages/Dashboard.tsx(253,9): error TS2322: Type 'string | undefined' is not assignable to type 'string'.
  Type 'undefined' is not assignable to type 'string'.
src/pages/Dashboard/AuditsCluster.tsx(1,8): error TS1259: Module '"C:/Users/vilba/.antigravity/pwri-plantmonitoring-main/pwri-plantmonitoring/frontend/node_modules/@types/react/index"' can only be default-imported using the 'allowSyntheticDefaultImports' flag
src/pages/Dashboard/CostCluster.tsx(1,8): error TS1259: Module '"C:/Users/vilba/.antigravity/pwri-plantmonitoring-main/pwri-plantmonitoring/frontend/node_modules/@types/react/index"' can only be default-imported using the 'allowSyntheticDefaultImports' flag
src/pages/Dashboard/HealthCluster.tsx(1,8): error TS1259: Module '"C:/Users/vilba/.antigravity/pwri-plantmonitoring-main/pwri-plantmonitoring/frontend/node_modules/@types/react/index"' can only be default-imported using the 'allowSyntheticDefaultImports' flag
src/pages/Dashboard/OverviewCluster.tsx(1,8): error TS1259: Module '"C:/Users/vilba/.antigravity/pwri-plantmonitoring-main/pwri-plantmonitoring/frontend/node_modules/@types/react/index"' can only be default-imported using the 'allowSyntheticDefaultImports' flag
src/pages/Dashboard/QualityCluster.tsx(1,8): error TS1259: Module '"C:/Users/vilba/.antigravity/pwri-plantmonitoring-main/pwri-plantmonitoring/frontend/node_modules/@types/react/index"' can only be default-imported using the 'allowSyntheticDefaultImports' flag
src/pages/DataAnalysis.tsx(327,42): error TS18048: 'opt.columns' is possibly 'undefined'.
src/pages/DataAnalysis.tsx(328,23): error TS18048: 'opt.columns' is possibly 'undefined'.
src/pages/dataAnalysis/RegressionDetail.tsx(350,9): error TS2322: Type 'string | null | undefined' is not assignable to type 'string | null'.
  Type 'undefined' is not assignable to type 'string | null'.
src/pages/dataAnalysis/RegressionDetail.tsx(351,9): error TS2322: Type 'string | null | undefined' is not assignable to type 'string | null'.
  Type 'undefined' is not assignable to type 'string | null'.
src/pages/dataCorrections/api.ts(363,20): error TS2345: Argument of type '{ id: any; source_table: SourceTable; entity_id: any; entity_name: any; plant_id: any; plant_name: any; reading_datetime: any; previous_reading: any; previous_reading_datetime: string; ... 16 more ...; diagnostic_summary: string; }' is not assignable to parameter of type 'FlaggedRow'.
  Property 'recorded_by' is missing in type '{ id: any; source_table: SourceTable; entity_id: any; entity_name: any; plant_id: any; plant_name: any; reading_datetime: any; previous_reading: any; previous_reading_datetime: string; ... 16 more ...; diagnostic_summary: string; }' but required in type 'FlaggedRow'.
src/pages/dataCorrections/components/EditValueModal.tsx(108,9): error TS2322: Type 'string | null' is not assignable to type 'string'.
  Type 'null' is not assignable to type 'string'.
src/pages/dataCorrections/tabs/CorrectionInboxTab.tsx(170,24): error TS2345: Argument of type '{ id: any; source_table: SourceTable; entity_name: any; plant_name: any; reading_datetime: any; previous_reading: any; current_reading: any; daily_volume: any; operator_username: any; norm_status: any; flag_reason: string; }' is not assignable to parameter of type 'FlaggedRow'.
  Property 'recorded_by' is missing in type '{ id: any; source_table: SourceTable; entity_name: any; plant_name: any; reading_datetime: any; previous_reading: any; current_reading: any; daily_volume: any; operator_username: any; norm_status: any; flag_reason: string; }' but required in type 'FlaggedRow'.
src/pages/dataCorrections/tabs/PendingReviewTab.tsx(106,17): error TS2322: Type '(req: DataCorrectionRequest) => Promise<void>' is not assignable to type '(req: CorrectionRequest) => void'.
  Types of parameters 'req' and 'req' are incompatible.
    Type 'CorrectionRequest' is missing the following properties from type 'CorrectionRequest': plant_id, entity_type, field_name, current_value, and 5 more.
src/pages/dataCorrections/tabs/PendingReviewTab.tsx(107,17): error TS2322: Type '(req: DataCorrectionRequest, resolutionNote: string) => Promise<void>' is not assignable to type '(req: CorrectionRequest, note: string) => void'.
  Types of parameters 'req' and 'req' are incompatible.
    Type 'CorrectionRequest' is missing the following properties from type 'CorrectionRequest': plant_id, entity_type, field_name, current_value, and 5 more.
src/pages/Employees.tsx(1,8): error TS1259: Module '"C:/Users/vilba/.antigravity/pwri-plantmonitoring-main/pwri-plantmonitoring/frontend/node_modules/@types/react/index"' can only be default-imported using the 'allowSyntheticDefaultImports' flag
src/pages/employees/components/AppManual.tsx(5,8): error TS1259: Module '"C:/Users/vilba/.antigravity/pwri-plantmonitoring-main/pwri-plantmonitoring/frontend/node_modules/@types/react/index"' can only be default-imported using the 'allowSyntheticDefaultImports' flag
src/pages/employees/components/DirectoryStats.tsx(5,8): error TS1259: Module '"C:/Users/vilba/.antigravity/pwri-plantmonitoring-main/pwri-plantmonitoring/frontend/node_modules/@types/react/index"' can only be default-imported using the 'allowSyntheticDefaultImports' flag
src/pages/employees/components/OrgChart.tsx(4,8): error TS1259: Module '"C:/Users/vilba/.antigravity/pwri-plantmonitoring-main/pwri-plantmonitoring/frontend/node_modules/@types/react/index"' can only be default-imported using the 'allowSyntheticDefaultImports' flag
src/pages/employees/components/PendingApprovals.tsx(5,8): error TS1259: Module '"C:/Users/vilba/.antigravity/pwri-plantmonitoring-main/pwri-plantmonitoring/frontend/node_modules/@types/react/index"' can only be default-imported using the 'allowSyntheticDefaultImports' flag
src/pages/employees/components/StaffChatDialog.tsx(7,8): error TS1259: Module '"C:/Users/vilba/.antigravity/pwri-plantmonitoring-main/pwri-plantmonitoring/frontend/node_modules/@types/react/index"' can only be default-imported using the 'allowSyntheticDefaultImports' flag
src/pages/employees/tabs/InfoTab.tsx(1,8): error TS1259: Module '"C:/Users/vilba/.antigravity/pwri-plantmonitoring-main/pwri-plantmonitoring/frontend/node_modules/@types/react/index"' can only be default-imported using the 'allowSyntheticDefaultImports' flag
src/pages/employees/tabs/StaffTab/hooks.ts(45,31): error TS2345: Argument of type '(search: string, filterPlant: string, roleFilter: string) => StaffMember[]' is not assignable to parameter of type '() => StaffMember[]'.
  Target signature provides too few arguments. Expected 3 or more, but got 0.
src/pages/employees/tabs/StaffTab/hooks.ts(66,28): error TS2345: Argument of type '(filtered: StaffMember[], groupName: string) => StaffMember[]' is not assignable to parameter of type '() => StaffMember[]'.
  Target signature provides too few arguments. Expected 2 or more, but got 0.
src/pages/employees/types.ts(1,8): error TS1259: Module '"C:/Users/vilba/.antigravity/pwri-plantmonitoring-main/pwri-plantmonitoring/frontend/node_modules/@types/react/index"' can only be default-imported using the 'allowSyntheticDefaultImports' flag
src/pages/Exports/hooks.ts(1,8): error TS1259: Module '"C:/Users/vilba/.antigravity/pwri-plantmonitoring-main/pwri-plantmonitoring/frontend/node_modules/@types/react/index"' can only be default-imported using the 'allowSyntheticDefaultImports' flag
src/pages/Onboarding.tsx(81,7): error TS2322: Type 'string | null' is not assignable to type 'string'.
  Type 'null' is not assignable to type 'string'.
src/pages/Onboarding.tsx(83,7): error TS2322: Type 'string | null' is not assignable to type 'string'.
  Type 'null' is not assignable to type 'string'.
src/pages/Onboarding.tsx(84,7): error TS2322: Type 'string | null' is not assignable to type 'string'.
  Type 'null' is not assignable to type 'string'.
src/pages/operations/blending/BlendingSection.tsx(1,8): error TS1259: Module '"C:/Users/vilba/.antigravity/pwri-plantmonitoring-main/pwri-plantmonitoring/frontend/node_modules/@types/react/index"' can only be default-imported using the 'allowSyntheticDefaultImports' flag
src/pages/operations/index.tsx(1,8): error TS1259: Module '"C:/Users/vilba/.antigravity/pwri-plantmonitoring-main/pwri-plantmonitoring/frontend/node_modules/@types/react/index"' can only be default-imported using the 'allowSyntheticDefaultImports' flag
src/pages/operations/locators/LocatorSection/LocatorSection.tsx(1,8): error TS1259: Module '"C:/Users/vilba/.antigravity/pwri-plantmonitoring-main/pwri-plantmonitoring/frontend/node_modules/@types/react/index"' can only be default-imported using the 'allowSyntheticDefaultImports' flag
src/pages/operations/locators/LocatorSection/SharedPowerMeterRow.tsx(1,8): error TS1259: Module '"C:/Users/vilba/.antigravity/pwri-plantmonitoring-main/pwri-plantmonitoring/frontend/node_modules/@types/react/index"' can only be default-imported using the 'allowSyntheticDefaultImports' flag
src/pages/operations/power/hooks/usePowerFormActions.ts(78,5): error TS2322: Type '(entry: { table_name: AnomalyRemarkTable; record_id: string; meter_kind?: "feed" | "permeate" | "reject" | null | undefined; plant_id: string; tier: "critical" | "needs_remark"; ... 5 more ...; remark_text: string; }) => Promise<...>' is not assignable to type '(opts: { table_name: string; record_id: string; plant_id: string; tier: "critical" | "needs_remark"; direction: string; deviation_pct: number; flow_rate: number; avg_flow_rate: number; rate_unit: string; remark_text: string; }) => Promise<...>'.
  Types of parameters 'entry' and 'opts' are incompatible.
    Type '{ table_name: string; record_id: string; plant_id: string; tier: "critical" | "needs_remark"; direction: string; deviation_pct: number; flow_rate: number; avg_flow_rate: number; rate_unit: string; remark_text: string; }' is not assignable to type '{ table_name: AnomalyRemarkTable; record_id: string; meter_kind?: "feed" | "permeate" | "reject" | null | undefined; plant_id: string; tier: "critical" | "needs_remark"; ... 5 more ...; remark_text: string; }'.
      Types of property 'table_name' are incompatible.
        Type 'string' is not assignable to type 'AnomalyRemarkTable'.
src/pages/operations/power/hooks/usePowerFormActions.ts(187,20): error TS18048: 'state.history' is possibly 'undefined'.
src/pages/operations/power/hooks/usePowerSubmit.ts(248,64): error TS2571: Object is of type 'unknown'.
src/pages/operations/power/hooks/usePowerSubmit.ts(249,16): error TS2571: Object is of type 'unknown'.
src/pages/operations/power/hooks/usePowerSubmit.ts(347,9): error TS2322: Type 'number | null' is not assignable to type 'number'.
  Type 'null' is not assignable to type 'number'.
src/pages/operations/power/hooks/usePowerSubmit.ts(348,9): error TS2322: Type 'number | null' is not assignable to type 'number'.
  Type 'null' is not assignable to type 'number'.
src/pages/operations/power/PowerSection.tsx(186,9): error TS2322: Type 'Plant[] | undefined' is not assignable to type 'any[]'.
  Type 'undefined' is not assignable to type 'any[]'.
src/pages/operations/product/ProductSection/ProductSection.tsx(1,8): error TS1259: Module '"C:/Users/vilba/.antigravity/pwri-plantmonitoring-main/pwri-plantmonitoring/frontend/node_modules/@types/react/index"' can only be default-imported using the 'allowSyntheticDefaultImports' flag
src/pages/operations/shared.tsx(1,8): error TS1259: Module '"C:/Users/vilba/.antigravity/pwri-plantmonitoring-main/pwri-plantmonitoring/frontend/node_modules/@types/react/index"' can only be default-imported using the 'allowSyntheticDefaultImports' flag
src/pages/operations/wells/WellSection.tsx(1,8): error TS1259: Module '"C:/Users/vilba/.antigravity/pwri-plantmonitoring-main/pwri-plantmonitoring/frontend/node_modules/@types/react/index"' can only be default-imported using the 'allowSyntheticDefaultImports' flag
src/pages/plants/charts/EntityHistoryChart/ChartContent.tsx(1,8): error TS1259: Module '"C:/Users/vilba/.antigravity/pwri-plantmonitoring-main/pwri-plantmonitoring/frontend/node_modules/@types/react/index"' can only be default-imported using the 'allowSyntheticDefaultImports' flag
src/pages/plants/charts/EntityHistoryChart/ChartStats.tsx(1,8): error TS1259: Module '"C:/Users/vilba/.antigravity/pwri-plantmonitoring-main/pwri-plantmonitoring/frontend/node_modules/@types/react/index"' can only be default-imported using the 'allowSyntheticDefaultImports' flag
src/pages/plants/charts/EntityHistoryChart/MeterDetailButton.tsx(1,8): error TS1259: Module '"C:/Users/vilba/.antigravity/pwri-plantmonitoring-main/pwri-plantmonitoring/frontend/node_modules/@types/react/index"' can only be default-imported using the 'allowSyntheticDefaultImports' flag
src/pages/plants/charts/PlantTelemetryChart.tsx(235,17): error TS2607: JSX element class does not support attributes because it does not have a 'props' property.
src/pages/plants/charts/PlantTelemetryChart.tsx(235,18): error TS2786: 'ReferenceLine' cannot be used as a JSX component.
  Its type 'typeof ReferenceLine' is not a valid JSX element type.
    Type 'typeof ReferenceLine' is not assignable to type 'new (props: any, deprecatedLegacyContext?: any) => Component<any, any, any>'.
      Type 'ReferenceLine' is missing the following properties from type 'Component<any, any, any>': context, setState, forceUpdate, props, and 2 more.
src/pages/plants/index.tsx(145,9): error TS2322: Type 'Plant[] | undefined' is not assignable to type 'any[]'.
  Type 'undefined' is not assignable to type 'any[]'.
src/pages/plants/index.tsx(154,9): error TS2322: Type 'Plant[] | undefined' is not assignable to type 'any[]'.
  Type 'undefined' is not assignable to type 'any[]'.
src/pages/plants/index.tsx(155,9): error TS2322: Type 'Plant[] | undefined' is not assignable to type 'any[]'.
  Type 'undefined' is not assignable to type 'any[]'.
src/pages/plants/index.tsx(228,39): error TS2322: Type '{ active: number; total: number; } | undefined' is not assignable to type '{ active: number; total: number; } | null'.
  Type 'undefined' is not assignable to type '{ active: number; total: number; } | null'.
src/pages/plants/locators/LocatorsList/LocatorDetail.tsx(58,20): error TS18047: 'locator.gps_lat' is possibly 'null'.
src/pages/plants/locators/LocatorsList/LocatorDetail.tsx(58,53): error TS18047: 'locator.gps_lng' is possibly 'null'.
src/pages/plants/PlantTelemetryDrawer.tsx(1,8): error TS1259: Module '"C:/Users/vilba/.antigravity/pwri-plantmonitoring-main/pwri-plantmonitoring/frontend/node_modules/@types/react/index"' can only be default-imported using the 'allowSyntheticDefaultImports' flag
src/pages/plants/wells/WellsList/WellsList.tsx(69,74): error TS2345: Argument of type 'null' is not assignable to parameter of type 'string'.
src/pages/PlantTopology.tsx(49,49): error TS2304: Cannot find name 'useTopologyData'.
src/pages/PlantTopology.tsx(90,18): error TS2304: Cannot find name 'buildTopology'.
src/pages/PlantTopology.tsx(114,37): error TS2304: Cannot find name 'NODE_LABELS'.
src/pages/PlantTopology.tsx(191,16): error TS2304: Cannot find name 'canvasRef'.
src/pages/PlantTopology.tsx(202,41): error TS2304: Cannot find name 'NODE_W'.
src/pages/PlantTopology.tsx(205,59): error TS2304: Cannot find name 'ROW_GAP'.
src/pages/PlantTopology.tsx(288,12): error TS2304: Cannot find name 'canConnect'.
src/pages/PlantTopology.tsx(289,43): error TS2304: Cannot find name 'NODE_LABELS'.
src/pages/PlantTopology.tsx(289,78): error TS2304: Cannot find name 'NODE_LABELS'.
src/pages/PlantTopology.tsx(314,11): error TS2304: Cannot find name 'saveLinks'.
src/pages/PlantTopology.tsx(391,27): error TS2304: Cannot find name 'SidePanel'.
src/pages/plantTopology/NodeInspector.tsx(1,8): error TS1259: Module '"C:/Users/vilba/.antigravity/pwri-plantmonitoring-main/pwri-plantmonitoring/frontend/node_modules/@types/react/index"' can only be default-imported using the 'allowSyntheticDefaultImports' flag
src/pages/plantTopology/TopologyCanvas.tsx(1,8): error TS1259: Module '"C:/Users/vilba/.antigravity/pwri-plantmonitoring-main/pwri-plantmonitoring/frontend/node_modules/@types/react/index"' can only be default-imported using the 'allowSyntheticDefaultImports' flag
src/pages/plantTopology/TopologyCanvas/TopoLinkRenderer.tsx(1,8): error TS1259: Module '"C:/Users/vilba/.antigravity/pwri-plantmonitoring-main/pwri-plantmonitoring/frontend/node_modules/@types/react/index"' can only be default-imported using the 'allowSyntheticDefaultImports' flag
src/pages/plantTopology/TopologyCanvas/TopologyHeader.tsx(1,8): error TS1259: Module '"C:/Users/vilba/.antigravity/pwri-plantmonitoring-main/pwri-plantmonitoring/frontend/node_modules/@types/react/index"' can only be default-imported using the 'allowSyntheticDefaultImports' flag
src/pages/plantTopology/TopologyCanvas/TopologySvgCanvas.tsx(1,8): error TS1259: Module '"C:/Users/vilba/.antigravity/pwri-plantmonitoring-main/pwri-plantmonitoring/frontend/node_modules/@types/react/index"' can only be default-imported using the 'allowSyntheticDefaultImports' flag
src/pages/plantTopology/TopologyCanvas/TopoNodeRenderer.tsx(1,8): error TS1259: Module '"C:/Users/vilba/.antigravity/pwri-plantmonitoring-main/pwri-plantmonitoring/frontend/node_modules/@types/react/index"' can only be default-imported using the 'allowSyntheticDefaultImports' flag
src/pages/plantTopology/TopologyCanvas/ZoomControls.tsx(1,8): error TS1259: Module '"C:/Users/vilba/.antigravity/pwri-plantmonitoring-main/pwri-plantmonitoring/frontend/node_modules/@types/react/index"' can only be default-imported using the 'allowSyntheticDefaultImports' flag
src/pages/plantTopology/TopologyLegend.tsx(1,8): error TS1259: Module '"C:/Users/vilba/.antigravity/pwri-plantmonitoring-main/pwri-plantmonitoring/frontend/node_modules/@types/react/index"' can only be default-imported using the 'allowSyntheticDefaultImports' flag
src/pages/ro-trains/components/PreTreatLogTable.tsx(8,8): error TS1259: Module '"C:/Users/vilba/.antigravity/pwri-plantmonitoring-main/pwri-plantmonitoring/frontend/node_modules/@types/react/index"' can only be default-imported using the 'allowSyntheticDefaultImports' flag
src/pages/ro-trains/components/RoLogTable.tsx(8,8): error TS1259: Module '"C:/Users/vilba/.antigravity/pwri-plantmonitoring-main/pwri-plantmonitoring/frontend/node_modules/@types/react/index"' can only be default-imported using the 'allowSyntheticDefaultImports' flag
src/pages/ro-trains/helpers.tsx(7,8): error TS1259: Module '"C:/Users/vilba/.antigravity/pwri-plantmonitoring-main/pwri-plantmonitoring/frontend/node_modules/@types/react/index"' can only be default-imported using the 'allowSyntheticDefaultImports' flag
src/pages/ro-trains/helpers.tsx(74,13): error TS2607: JSX element class does not support attributes because it does not have a 'props' property.
src/pages/ro-trains/helpers.tsx(74,14): error TS2786: 'ReferenceArea' cannot be used as a JSX component.
  Its type 'typeof ReferenceArea' is not a valid JSX element type.
    Type 'typeof ReferenceArea' is not assignable to type 'new (props: any, deprecatedLegacyContext?: any) => Component<any, any, any>'.
      Type 'ReferenceArea' is missing the following properties from type 'Component<any, any, any>': context, setState, forceUpdate, props, and 2 more.
src/pages/ro-trains/helpers.tsx(83,13): error TS2607: JSX element class does not support attributes because it does not have a 'props' property.
src/pages/ro-trains/helpers.tsx(83,14): error TS2786: 'ReferenceLine' cannot be used as a JSX component.
  Its type 'typeof ReferenceLine' is not a valid JSX element type.
    Type 'typeof ReferenceLine' is not assignable to type 'new (props: any, deprecatedLegacyContext?: any) => Component<any, any, any>'.
      Type 'ReferenceLine' is missing the following properties from type 'Component<any, any, any>': context, setState, forceUpdate, props, and 2 more.
src/pages/ro-trains/ImportPretreatReadingsDialog.tsx(11,8): error TS1259: Module '"C:/Users/vilba/.antigravity/pwri-plantmonitoring-main/pwri-plantmonitoring/frontend/node_modules/@types/react/index"' can only be default-imported using the 'allowSyntheticDefaultImports' flag
src/pages/ro-trains/ImportROReadingsDialog.tsx(10,8): error TS1259: Module '"C:/Users/vilba/.antigravity/pwri-plantmonitoring-main/pwri-plantmonitoring/frontend/node_modules/@types/react/index"' can only be default-imported using the 'allowSyntheticDefaultImports' flag
src/pages/ro-trains/TrainLogModal.column-tiers.test.ts(2,8): error TS1192: Module '"node:fs"' has no default export.
src/pages/ro-trains/TrainLogModal.column-tiers.test.ts(3,8): error TS1259: Module '"node:path"' can only be default-imported using the 'allowSyntheticDefaultImports' flag
src/pages/ro-trains/TrainLogModal.tsx(254,38): error TS2322: Type 'Profile | null' is not assignable to type '{ id?: string | undefined; first_name?: string | undefined; last_name?: string | undefined; username?: string | undefined; } | null'.
  Type 'Profile' is not assignable to type '{ id?: string | undefined; first_name?: string | undefined; last_name?: string | undefined; username?: string | undefined; }'.
    Types of property 'first_name' are incompatible.
      Type 'string | null' is not assignable to type 'string | undefined'.
        Type 'null' is not assignable to type 'string | undefined'.
src/pages/ROTrains/dosing/ChemCard.tsx(1,8): error TS1259: Module '"C:/Users/vilba/.antigravity/pwri-plantmonitoring-main/pwri-plantmonitoring/frontend/node_modules/@types/react/index"' can only be default-imported using the 'allowSyntheticDefaultImports' flag
src/pages/ROTrains/dosing/DosingHistoryLog/DosingHistoryLogFilters.tsx(53,34): error TS2345: Argument of type 'string | null' is not assignable to parameter of type 'string | undefined'.
  Type 'null' is not assignable to type 'string | undefined'.
src/pages/ROTrains/dosing/DosingHistoryLog/index.tsx(23,43): error TS2345: Argument of type 'string | null' is not assignable to parameter of type 'string | undefined'.
  Type 'null' is not assignable to type 'string | undefined'.
src/pages/ROTrains/dosing/DosingHistoryLog/index.tsx(37,9): error TS2322: Type 'string | null' is not assignable to type 'string | undefined'.
  Type 'null' is not assignable to type 'string | undefined'.
src/pages/ROTrains/dosing/DosingHistoryLog/index.tsx(38,9): error TS2322: Type '(id: string | null) => void' is not assignable to type '(id: string | undefined) => void'.
  Types of parameters 'id' and 'id' are incompatible.
    Type 'string | undefined' is not assignable to type 'string | null'.
      Type 'undefined' is not assignable to type 'string | null'.
src/pages/ROTrains/dosing/ImportDosingDialog.tsx(1,8): error TS1259: Module '"C:/Users/vilba/.antigravity/pwri-plantmonitoring-main/pwri-plantmonitoring/frontend/node_modules/@types/react/index"' can only be default-imported using the 'allowSyntheticDefaultImports' flag
src/pages/ROTrains/pretreatment/hooks/usePretreatmentCalculations.ts(161,53): error TS2304: Cannot find name 'rejDelta'.
src/pages/ROTrains/pretreatment/hooks/usePretreatmentCalculations.ts(161,63): error TS2304: Cannot find name 'mDurHr'.
src/pages/ROTrains/pretreatment/hooks/usePretreatmentCalculations.ts(161,71): error TS2304: Cannot find name 'avgRejFlowRate'.
src/pages/ROTrains/pretreatment/hooks/usePretreatmentCalculations.ts(163,27): error TS2304: Cannot find name 'feedNegWarn'.
src/pages/ROTrains/pretreatment/hooks/usePretreatmentCalculations.ts(163,42): error TS2304: Cannot find name 'feedSpike'.
src/pages/ROTrains/pretreatment/hooks/usePretreatmentCalculations.ts(164,27): error TS2304: Cannot find name 'permNegWarn'.
src/pages/ROTrains/pretreatment/hooks/usePretreatmentCalculations.ts(164,42): error TS2304: Cannot find name 'permSpike'.
src/pages/ROTrains/pretreatment/hooks/usePretreatmentCalculations.ts(165,26): error TS2304: Cannot find name 'rejNegWarn'.
src/pages/ROTrains/pretreatment/hooks/usePretreatmentCalculations.ts(167,30): error TS2304: Cannot find name 'feedNegWarn'.
src/pages/ROTrains/pretreatment/hooks/usePretreatmentCalculations.ts(167,45): error TS2304: Cannot find name 'feedSpike'.
src/pages/ROTrains/pretreatment/hooks/usePretreatmentCalculations.ts(168,30): error TS2304: Cannot find name 'permNegWarn'.
src/pages/ROTrains/pretreatment/hooks/usePretreatmentCalculations.ts(168,45): error TS2304: Cannot find name 'permSpike'.
src/pages/ROTrains/pretreatment/hooks/usePretreatmentCalculations.ts(169,29): error TS2304: Cannot find name 'rejNegWarn'.
src/pages/ROTrains/pretreatment/hooks/usePretreatmentCalculations.ts(173,49): error TS2304: Cannot find name 'anomalyRemarkFeed'.
src/pages/ROTrains/pretreatment/hooks/usePretreatmentCalculations.ts(174,49): error TS2304: Cannot find name 'anomalyRemarkPerm'.
src/pages/ROTrains/pretreatment/hooks/usePretreatmentCalculations.ts(175,48): error TS2304: Cannot find name 'anomalyRemarkRej'.
src/pages/ROTrains/pretreatment/hooks/usePretreatmentCalculations.ts(179,21): error TS2304: Cannot find name 'feedDelta'.
src/pages/ROTrains/pretreatment/hooks/usePretreatmentCalculations.ts(179,35): error TS2304: Cannot find name 'permDelta'.
src/pages/ROTrains/pretreatment/hooks/usePretreatmentCalculations.ts(179,57): error TS2304: Cannot find name 'rejDelta'.
src/pages/ROTrains/pretreatment/hooks/usePretreatmentCalculations.ts(179,79): error TS2304: Cannot find name 'permDelta'.
src/pages/ROTrains/pretreatment/hooks/usePretreatmentCalculations.ts(179,91): error TS2304: Cannot find name 'rejDelta'.
src/pages/ROTrains/pretreatment/hooks/usePretreatmentCalculations.ts(180,21): error TS2304: Cannot find name 'permDelta'.
src/pages/ROTrains/pretreatment/hooks/usePretreatmentCalculations.ts(180,35): error TS2304: Cannot find name 'feedDelta'.
src/pages/ROTrains/pretreatment/hooks/usePretreatmentCalculations.ts(180,57): error TS2304: Cannot find name 'rejDelta'.
src/pages/ROTrains/pretreatment/hooks/usePretreatmentCalculations.ts(180,79): error TS2304: Cannot find name 'feedDelta'.
src/pages/ROTrains/pretreatment/hooks/usePretreatmentCalculations.ts(180,91): error TS2304: Cannot find name 'rejDelta'.
src/pages/ROTrains/pretreatment/hooks/usePretreatmentCalculations.ts(181,20): error TS2304: Cannot find name 'rejDelta'.
src/pages/ROTrains/pretreatment/hooks/usePretreatmentCalculations.ts(181,33): error TS2304: Cannot find name 'feedDelta'.
src/pages/ROTrains/pretreatment/hooks/usePretreatmentCalculations.ts(181,55): error TS2304: Cannot find name 'permDelta'.
src/pages/ROTrains/pretreatment/hooks/usePretreatmentCalculations.ts(181,78): error TS2304: Cannot find name 'feedDelta'.
src/pages/ROTrains/pretreatment/hooks/usePretreatmentCalculations.ts(181,90): error TS2304: Cannot find name 'permDelta'.
src/pages/ROTrains/pretreatment/hooks/usePretreatmentCalculations.ts(183,47): error TS2304: Cannot find name 'mDurHr'.
src/pages/ROTrains/pretreatment/hooks/usePretreatmentCalculations.ts(183,68): error TS2304: Cannot find name 'mDurHr'.
src/pages/ROTrains/pretreatment/hooks/usePretreatmentCalculations.ts(184,47): error TS2304: Cannot find name 'mDurHr'.
src/pages/ROTrains/pretreatment/hooks/usePretreatmentCalculations.ts(184,68): error TS2304: Cannot find name 'mDurHr'.
src/pages/ROTrains/pretreatment/hooks/usePretreatmentCalculations.ts(185,45): error TS2304: Cannot find name 'mDurHr'.
src/pages/ROTrains/pretreatment/hooks/usePretreatmentCalculations.ts(185,65): error TS2304: Cannot find name 'mDurHr'.
src/pages/ROTrains/pretreatment/hooks/usePretreatmentCalculations.ts(187,26): error TS2304: Cannot find name 'feedDelta'.
src/pages/ROTrains/pretreatment/hooks/usePretreatmentCalculations.ts(188,26): error TS2304: Cannot find name 'permDelta'.
src/pages/ROTrains/pretreatment/hooks/usePretreatmentCalculations.ts(189,25): error TS2304: Cannot find name 'rejDelta'.
src/pages/ROTrains/pretreatment/hooks/usePretreatmentCalculations.ts(192,24): error TS2304: Cannot find name 'roValues'.
src/pages/ROTrains/pretreatment/hooks/usePretreatmentCalculations.ts(192,45): error TS2304: Cannot find name 'num'.
src/pages/ROTrains/pretreatment/hooks/usePretreatmentCalculations.ts(192,49): error TS2304: Cannot find name 'roValues'.
src/pages/ROTrains/pretreatment/hooks/usePretreatmentCalculations.ts(193,24): error TS2304: Cannot find name 'roValues'.
src/pages/ROTrains/pretreatment/hooks/usePretreatmentCalculations.ts(193,49): error TS2304: Cannot find name 'num'.
src/pages/ROTrains/pretreatment/hooks/usePretreatmentCalculations.ts(193,53): error TS2304: Cannot find name 'roValues'.
src/pages/ROTrains/pretreatment/hooks/usePretreatmentCalculations.ts(194,23): error TS2304: Cannot find name 'roValues'.
src/pages/ROTrains/pretreatment/hooks/usePretreatmentCalculations.ts(194,46): error TS2304: Cannot find name 'num'.
src/pages/ROTrains/pretreatment/hooks/usePretreatmentCalculations.ts(194,50): error TS2304: Cannot find name 'roValues'.
src/pages/ROTrains/pretreatment/hooks/usePretreatmentData.ts(3,37): error TS2307: Cannot find module '../../../../plants/shared' or its corresponding type declarations.
src/pages/ROTrains/pretreatment/hooks/usePretreatmentData.ts(181,24): error TS2304: Cannot find name 'roValues'.
src/pages/ROTrains/pretreatment/hooks/usePretreatmentData.ts(182,24): error TS2304: Cannot find name 'roValues'.
src/pages/ROTrains/pretreatment/hooks/usePretreatmentData.ts(183,23): error TS2304: Cannot find name 'roValues'.
src/pages/ROTrains/pretreatment/hooks/usePretreatmentFormState.ts(92,3): error TS1117: An object literal cannot have multiple properties with the same name.
src/pages/ROTrains/pretreatment/hooks/usePretreatmentFormState.ts(93,3): error TS1117: An object literal cannot have multiple properties with the same name.
src/pages/ROTrains/pretreatment/hooks/usePretreatmentFormState.ts(96,17): error TS2323: Cannot redeclare exported variable 'usePretreatmentFormState'.
src/pages/ROTrains/pretreatment/hooks/usePretreatmentFormState.ts(96,17): error TS2393: Duplicate function implementation.
src/pages/ROTrains/pretreatment/hooks/usePretreatmentFormState.ts(96,74): error TS2355: A function whose declared type is neither 'undefined', 'void', nor 'any' must return a value.
src/pages/ROTrains/pretreatment/hooks/usePretreatmentFormState.ts(99,17): error TS2323: Cannot redeclare exported variable 'usePretreatmentFormState'.
src/pages/ROTrains/pretreatment/hooks/usePretreatmentFormState.ts(99,17): error TS2393: Duplicate function implementation.
src/pages/ROTrains/pretreatment/hooks/usePretreatmentFormState.ts(143,7): error TS2783: 'unit' is specified more than once, so this usage will be overwritten.
src/pages/ROTrains/pretreatment/hooks/usePretreatmentFormState.ts(143,16): error TS2783: 'bw' is specified more than once, so this usage will be overwritten.
src/pages/ROTrains/pretreatment/hooks/usePretreatmentFormState.ts(143,27): error TS2783: 'bwStart' is specified more than once, so this usage will be overwritten.
src/pages/ROTrains/pretreatment/hooks/usePretreatmentFormState.ts(143,40): error TS2783: 'bwEnd' is specified more than once, so this usage will be overwritten.
src/pages/ROTrains/pretreatment/hooks/usePretreatmentFormState.ts(144,7): error TS2783: 'meterStart' is specified more than once, so this usage will be overwritten.
src/pages/ROTrains/pretreatment/hooks/usePretreatmentFormState.ts(144,23): error TS2783: 'meterEnd' is specified more than once, so this usage will be overwritten.
src/pages/ROTrains/pretreatment/hooks/usePretreatmentFormState.ts(144,37): error TS2783: 'pressureIn' is specified more than once, so this usage will be overwritten.
src/pages/ROTrains/pretreatment/hooks/usePretreatmentFormState.ts(144,53): error TS2783: 'pressureOut' is specified more than once, so this usage will be overwritten.
src/pages/ROTrains/pretreatment/hooks/usePretreatmentFormState.ts(167,15): error TS2322: Type 'Dispatch<SetStateAction<{ feed_pressure_psi: string; reject_pressure_psi: string; feed_flow: string; permeate_flow: string; reject_flow: string; feed_tds: string; permeate_tds: string; reject_tds: string; feed_ph: string; ... 9 more ...; power_meter_curr: string; }>>' is not assignable to type '(v: Record<string, string>) => void'.
  Types of parameters 'value' and 'v' are incompatible.
    Type 'Record<string, string>' is not assignable to type 'SetStateAction<{ feed_pressure_psi: string; reject_pressure_psi: string; feed_flow: string; permeate_flow: string; reject_flow: string; feed_tds: string; permeate_tds: string; reject_tds: string; feed_ph: string; ... 9 more ...; power_meter_curr: string; }>'.
      Type 'Record<string, string>' is missing the following properties from type '{ feed_pressure_psi: string; reject_pressure_psi: string; feed_flow: string; permeate_flow: string; reject_flow: string; feed_tds: string; permeate_tds: string; reject_tds: string; feed_ph: string; ... 9 more ...; power_meter_curr: string; }': feed_pressure_psi, reject_pressure_psi, feed_flow, permeate_flow, and 15 more.
src/pages/ROTrains/pretreatment/PretreatmentAndROLog.tsx(553,7): error TS2783: 'unit' is specified more than once, so this usage will be overwritten.
src/pages/ROTrains/pretreatment/PretreatmentAndROLog.tsx(553,16): error TS2783: 'bw' is specified more than once, so this usage will be overwritten.
src/pages/ROTrains/pretreatment/PretreatmentAndROLog.tsx(553,27): error TS2783: 'bwStart' is specified more than once, so this usage will be overwritten.
src/pages/ROTrains/pretreatment/PretreatmentAndROLog.tsx(553,40): error TS2783: 'bwEnd' is specified more than once, so this usage will be overwritten.
src/pages/ROTrains/pretreatment/PretreatmentAndROLog.tsx(554,7): error TS2783: 'meterStart' is specified more than once, so this usage will be overwritten.
src/pages/ROTrains/pretreatment/PretreatmentAndROLog.tsx(554,23): error TS2783: 'meterEnd' is specified more than once, so this usage will be overwritten.
src/pages/ROTrains/pretreatment/PretreatmentAndROLog.tsx(554,37): error TS2783: 'pressureIn' is specified more than once, so this usage will be overwritten.
src/pages/ROTrains/pretreatment/PretreatmentAndROLog.tsx(554,53): error TS2783: 'pressureOut' is specified more than once, so this usage will be overwritten.
src/pages/ROTrains/pretreatment/PretreatmentAndROLog.tsx(1173,15): error TS2322: Type 'any[] | undefined' is not assignable to type 'any[]'.
  Type 'undefined' is not assignable to type 'any[]'.
src/pages/ROTrains/pretreatment/PretreatmentAndROLog.tsx(1223,15): error TS2322: Type 'number | boolean' is not assignable to type 'boolean'.
  Type 'number' is not assignable to type 'boolean'.
